parse error: ';' not allowed after function declaration
