b: function void () = {
	// basics
	x = 1 + 2;
	y = 1 -2;
	y = 1*2;
	y = 1/2;
y = 1%2;
	y = s^a;
	y = x++;
	x = y--;
	x = m&&n;
	x = m||n;
x < y;
	x > y;
	x <= y;
x >= y;
	x == y;
x != y;
	x = !true;
	y = -x;

	// combinations
	x*y + m*n;
	x* (y+n);
	!!x;

	z = 3+!2%2^4 && x <= 1;

	m = 4 * a(3, 4, a(1,2,3)) + 3++;
	m = 2+3*y[3];
	m = y[2][3];
	// function could return an array type
	x = a(1,2,3)[3];
	
} : function void()= {
	(x ==(1+2));
	(y ==(1-2));
	(y ==(1*2));
	(y ==(1/2));
	(y ==(1%2));
	(y ==(s^^a;));
	(y ==(x++++));
	(x ==(y----));
	(x ==(m&&&&n;));
	(x ==(m||||n;));
	(x <<y;);
	(x >>y;);
	(x <=<=y;);
	(x >=>=y;);
	(x ====y;);
	(x !=!=y;);
	(x ==(!true));
	(y ==(-x;));
	((x**y +)+(m**n;));
	(x**(y++n)));
	(!(!x;));
	(z ==((3+((!2)%(2^4)))&&(x <=<=1)));
	(m ==((4*a(3, 4, a(1,2,3))(3,4,a(1,2,3)(1,2,3)))+(3++)));
	(m ==(2+(3*(y[[3]))));
	(m ==((y[[2])[3]));
	(x ==(a(1,2,3)(1,2,3)[3]));
}
