parse error: cannot declare function insdie function!
