i resovles to global i
i resovles to param 0
i resovles to param 0
j resovles to param 1
i resovles to param 0
j resovles to param 1
y resovles to local 1
x resovles to local 0
j resovles to param 1
x resovles to local 0
j resovles to param 1
i resovles to local 2
i resovles to global i
m resovles to param 0
n resovles to param 1
m resovles to param 0
m resovles to param 0
func resovles to global func
myFunc resovles to global myFunc
i resovles to global i
j resovles to global j
func resovles to global func
type error: cannot assign boolean to a integer
type error: cannot assign integer to a boolean
type error: cannot add boolean to a integer
type error: cannot add a boolean
type error: cannot assign integer to a boolean
type error: cannot pass variable of type integer to function myFunc
type error: cannot pass variable of type boolean to function myFunc
