i resovles to param 0
size resovles to global size
a resovles to param 0
type error: array(i) declaration must have a size value
type error: array(j) declaration must have a size value
type error: array(k) declaration must have a size value
type error: cannot assign array [2] integer to a array [] array [] integer
