i resovles to global i
i resovles to param 0
i resovles to local 1
k resovles to global k
i resovles to local 1
x resovles to local 0
x resovles to local 0
j resovles to local 2
a resovles to global a
j resovles to local 2
i resovles to local 4
