size resovles to global size
size resovles to global size
size resovles to global size
size resovles to global size
size resovles to global size
a resovles to param 0
a resovles to param 0
a resovles to param 0
arr2 resovles to global arr2
func resovles to global func
