i resovles to param 0
j resovles to param 1
i resovles to local 0
i resovles to local 0
size resovles to param 1
i resovles to local 0
a resovles to param 0
i resovles to local 0
x resovles to local 1
x resovles to local 1
func resovles to global func
x resovles to local 1
y resovles to global y
y resovles to global y
y resovles to global y
x resovles to local 1
