i resovles to param 0
j resovles to param 1
i resovles to param 0
func3 resovles to local 0
func1 resovles to global func1
