i resovles to local 0
i resovles to local 0
i resovles to local 0
i resovles to local 0
i resovles to local 0
i resovles to local 0
type error: for statement must have boolean expression
type error: for statement must have boolean expression
