x resovles to local 0
m resovles to global m
x resovles to local 0
x resovles to local 0
x resovles to local 0
x resovles to local 0
x resovles to local 0
x resovles to local 0
x resovles to local 0
x resovles to local 0
m resovles to global m
m resovles to global m
x resovles to local 0
x resovles to local 0
m resovles to global m
m resovles to global m
x resovles to local 0
x resovles to local 0
