x resovles to param 0
y resovles to param 1
a resovles to local 1
m resovles to param 0
n resovles to param 1
y resovles to param 2
y resovles to param 2
x resovles to global x
m resovles to param 0
y1 resovles to global y1
x resovles to global x
y resovles to param 2
random resovles to global random
p resovles to param 0
a resovles to global a
proto resovles to global proto
func resovles to global func
