i resovles to global i
i resovles to param 0
i resovles to param 0
j resovles to param 1
i resovles to param 0
y resovles to local 1
j resovles to param 1
x resovles to local 0
j resovles to param 1
i resovles to local 2
i resovles to global i
n resovles to param 1
n resovles to param 1
func resovles to global func
myFunc resovles to global myFunc
i resovles to global i
j resovles to global j
func resovles to global func
