x resovles to local 0
x resovles to local 0
x resovles to local 0
x resovles to local 0
x resovles to local 0
x resovles to local 0
x resovles to local 0
x resovles to local 0
x resovles to local 0
x resovles to local 0
x resovles to local 0
x resovles to local 0
x resovles to local 0
x1 resovles to local 1
x resovles to local 0
x resovles to local 0
x1 resovles to local 1
x resovles to local 0
x1 resovles to local 1
x resovles to local 0
a resovles to local 3
x resovles to local 0
b resovles to local 4
x resovles to local 0
c resovles to local 5
p resovles to local 7
x resovles to local 0
x1 resovles to local 1
x resovles to local 0
x1 resovles to local 1
p resovles to local 7
p resovles to local 7
p resovles to local 7
q resovles to local 8
q resovles to local 8
p resovles to local 7
q resovles to local 8
q resovles to local 8
p resovles to local 7
x resovles to local 0
x1 resovles to local 1
p resovles to local 7
x resovles to local 0
x1 resovles to local 1
p resovles to local 7
y resovles to local 2
p resovles to local 7
z resovles to local 6
p resovles to local 7
p resovles to local 7
q resovles to local 8
p resovles to local 7
q resovles to local 8
p resovles to local 7
x resovles to local 0
x1 resovles to local 1
p resovles to local 7
x resovles to local 0
x1 resovles to local 1
p resovles to local 7
x resovles to local 0
x1 resovles to local 1
p resovles to local 7
x resovles to local 0
x1 resovles to local 1
