a resovles to global a
i resovles to global i
p resovles to global p
a resovles to global a
i resovles to global i
i resovles to global i
a resovles to global a
i resovles to global i
a resovles to local 0
j resovles to global j
a resovles to local 1
func resovles to global func
